Server running at http://0.0.0.0:8000/
17/Sep/2025 02:31:49 - "GET / HTTP/1.1" 200 -
17/Sep/2025 02:31:49 - "GET /css/style.css HTTP/1.1" 200 -
17/Sep/2025 02:31:49 - "GET /js/script.js HTTP/1.1" 200 -
17/Sep/2025 02:31:49 - "GET /js/script.js HTTP/1.1" 200 -
17/Sep/2025 02:31:49 - code 404, message File not found
17/Sep/2025 02:31:49 - "GET /favicon.ico HTTP/1.1" 404 -
17/Sep/2025 02:45:27 - "GET / HTTP/1.1" 304 -
17/Sep/2025 02:45:27 - "GET /css/style.css HTTP/1.1" 304 -
17/Sep/2025 02:45:27 - "GET /js/script.js HTTP/1.1" 304 -
Server running at http://0.0.0.0:8000/
17/Sep/2025 03:11:21 - "GET / HTTP/1.1" 200 -
17/Sep/2025 03:11:21 - "GET /css/fortune-style.css HTTP/1.1" 200 -
17/Sep/2025 03:11:21 - "GET /js/fortune-script.js HTTP/1.1" 200 -
Server running at http://0.0.0.0:8000/
17/Sep/2025 03:30:41 - "GET / HTTP/1.1" 200 -
17/Sep/2025 03:30:41 - "GET /js/fortune-script.js HTTP/1.1" 200 -
17/Sep/2025 03:30:41 - "GET /css/fortune-style.css HTTP/1.1" 304 -
17/Sep/2025 03:30:41 - code 404, message File not found
17/Sep/2025 03:30:41 - "GET /favicon.ico HTTP/1.1" 404 -
